[dotenv@17.2.3] injecting env (2) from .env -- tip: ≡ƒôí add observability to secrets: https://dotenvx.com/ops
Attempting to connect...
node : Γ¥î Connection 
Failed:
At line:1 char:1
+ node test-db.js > 
test_output.txt 2>&1
+ ~~~~~~~~~~~~~~~~~~~~~~~~~~
~~~~~~~~~~~~
    + CategoryInfo          
    : NotSpecified: (Γ¥î C  
  onnection Failed::Strin   
 g) [], RemoteException
    + FullyQualifiedErrorId 
    : NativeCommandError
 
querySrv ETIMEOUT _mongodb._
tcp.cluster0.5haakih.mongodb
.net
≡ƒÆí This looks like a DNS issue with SRV records.
